// Vitest Snapshot v1, https://vitest.dev/guide/snapshot.html

exports[`<TodoDisplay /> > renders the in_progress todo item and matches snapshot 1`] = `""`;

exports[`<TodoDisplay /> > renders the latest in_progress todo when multiple "Write Todos" tools exist 1`] = `""`;
